[daynightonline.in/ticket100010.html]
[ajax.googleapis.com/ajax/libs/jquery/3.5.1/jquery.min.js]
[backblue.gif]
[fade.gif]
[index.html]
[www.fun-lover.com/mirrors/0i4i/theme/west2/png/hdrs1.png]
[daynightonline.in/Ui/imgAsset/bannerbea6.png]
[starttambola.com/publish/themeStore/db/100009/img/call.png]
[starttambola.com/publish/themeStore/db/100009/img/wp.png]
[starttambola.com/publish/themeStore/db/100009/img/agent.png]
[starttambola.com/publish/themeStore/db/100009/img/login.png]
[starttambola.com/publish/themeStore/db/100008/img/bg.png]
[daynightonline.in/Ui/adminUi/index.html]
[daynightonline.in/Ui/imgAsset/chat.png]
[daynightonline.in/Ui/agentUi/index.html]
[daynightonline.in/Ui/userUi/php/getBookingStatistic.html]
[daynightonline.in/Ui/userUi/php/getAnnouncement.html]
[daynightonline.in/api/gameApi/getGameStatus.html]
[daynightonline.in/tambolaCallMp3/please book ticket.mp3]
[daynightonline.in/Ui/userUi/php/getAvailableTicket.html]
[daynightonline.in/Ui/userUi/php/getAgentList.html]
[starttambola.com/ticketImg/-src-.19.delayed]
[daynightonline.in/Ui/userUi/php/searchAllTicket.html]
[daynightonline.in/home100010.html]
[daynightonline.in/api/chatApi/chatSend.html]
[daynightonline.in/api/chatApi/getChat.html]
[daynightonline.in/api/chatApi/chatInitiat.html]
[daynightonline.in/api/chatApi/autoChatInitiate.html]
[starttambola.com/publish/themeStore/db/100010/img/bg.png]
[daynightonline.in/ticket100010.html]
[ajax.googleapis.com/ajax/libs/jquery/1.11.2/jquery.min.js]
[cdnjs.cloudflare.com/ajax/libs/html2canvas/0.4.1/html2canvas.js]
[daynightonline.in/Ui/adminUi/js/home512a.js]
[daynightonline.in/Ui/adminUi/js/ticketTypeDetectorfb74.js]
[daynightonline.in/Ui/adminUi/js/filterChar.js]
[daynightonline.in/Ui/adminUi/php/printPoster.php]
[daynightonline.in/Ui/imgAsset/wallpaper.png]
[daynightonline.in/Ui/adminUi/index.html]
[daynightonline.in/Ui/agentUi/js/home41c3.js]
[daynightonline.in/Ui/agentUi/index.html]
[daynightonline.in/Ui/userUi/php/getBookingStatistic.html]
[daynightonline.in/Ui/userUi/php/getAnnouncement.html]
[daynightonline.in/index.html]
[daynightonline.in/api/gameApi/getGameStatus.html]
[daynightonline.in/Ui/userUi/php/getAvailableTicket.html]
[daynightonline.in/Ui/agentUi/js/ticketTypeDetector3860.js]
[daynightonline.in/Ui/userUi/php/getAgentList.html]
[starttambola.com/ticketImg/-src-.html]
[daynightonline.in/Ui/userUi/php/searchAllTicket.html]
[daynightonline.in/Ui/userUi/js/filter.js]
[daynightonline.in/Ui/sfx/betit.mp3]
[daynightonline.in/Ui/userUi/php/searchTicket.html]
[daynightonline.in/Ui/userUi/php/searchTicketByWinType.html]
[daynightonline.in/tambolaCallMp3/GAME IS LIVE.mp3]
[daynightonline.in/tambolaCallMp3/game has started.mp3]
[daynightonline.in/Ui/sfx/winning.mp3]
[daynightonline.in/Ui/sfx/loss.mp3]
[daynightonline.in/tambolaCallMp3/GAME IS OVER.mp3]
[daynightonline.in/tambolaCallMp3/congratulations.mp3]
[daynightonline.in/home100010.html]
[daynightonline.in/api/chatApi/chatSend.html]
[daynightonline.in/api/chatApi/getChat.html]
[daynightonline.in/api/chatApi/chatInitiat.html]
[daynightonline.in/api/chatApi/autoChatInitiate.html]
[daynightonline.in/Ui/adminUi/php/searchTicket.html]
[daynightonline.in/Ui/adminUi/php/login.html]
[daynightonline.in/Ui/adminUi/home.html]
[daynightonline.in/Ui/adminUi/php/saveJsonFile.html]
[daynightonline.in/Ui/adminUi/php/getJsonFile.html]
[daynightonline.in/Ui/adminUi/php/getBusinessInfo.html]
[daynightonline.in/Ui/adminUi/php/getDividentList.html]
[daynightonline.in/Ui/adminUi/php/getSoldTicket.html]
[daynightonline.in/Ui/adminUi/php/getAgentList.html]
[daynightonline.in/Ui/adminUi/php/getAllTicket.html]
[daynightonline.in/Ui/adminUi/php/getRenewJson.html]
[daynightonline.in/Ui/adminUi/php/getTicketDetail.html]
[daynightonline.in/Ui/adminUi/php/getAgentDetail.html]
[daynightonline.in/Ui/adminUi/php/addAgent.html]
[daynightonline.in/Ui/adminUi/php/saveAgent.html]
[daynightonline.in/Ui/adminUi/php/delAgent.html]
[daynightonline.in/Ui/adminUi/php/saveTNO.html]
[daynightonline.in/Ui/adminUi/php/resetTNO.html]
[daynightonline.in/Ui/adminUi/php/book.html]
[daynightonline.in/api/gameApi/generateWinTicket.html]
[daynightonline.in/Ui/adminUi/php/resetCall.html]
[daynightonline.in/Ui/adminUi/php/resetTicket.html]
[daynightonline.in/Ui/adminUi/php/resetAgent.html]
[daynightonline.in/Ui/adminUi/php/addTicketBackup.html]
[daynightonline.in/Ui/commonApi/getLastTicket.html]
[daynightonline.in/Ui/commonApi/getLastWinner.html]
[daynightonline.in/Ui/commonApi/getLastNumber.html]
[daynightonline.in/Ui/commonApi/getLastBusinessaa94.html]
[daynightonline.in/Ui/adminUi/php/getCurrentTicket.html]
[daynightonline.in/Ui/adminUi/php/getCurrentWinner.html]
[daynightonline.in/Ui/adminUi/php/checkLastTransaction.html]
[daynightonline.in/Ui/commonApi/04_03_2023 08_25_30 AM47d9.pdf]
[daynightonline.in/Ui/adminUi/js/home512a.js]
[daynightonline.in/Ui/adminUi/js/ticketTypeDetectorfb74.js]
[daynightonline.in/Ui/adminUi/js/filterChar.js]
[daynightonline.in/Ui/agentUi/php/login.html]
[daynightonline.in/Ui/agentUi/home.html]
[daynightonline.in/Ui/agentUi/php/saveJsonFile.5b.delayed]
[daynightonline.in/Ui/agentUi/php/getJsonFile.html]
[daynightonline.in/Ui/agentUi/php/getBusinessInfo.html]
[daynightonline.in/Ui/agentUi/php/getAgentJson.html]
[daynightonline.in/Ui/agentUi/php/getSoldTicket.html]
[daynightonline.in/Ui/agentUi/php/getAgentList.html]
[daynightonline.in/Ui/agentUi/php/getAllTicket.html]
[daynightonline.in/Ui/agentUi/php/getTicketDetail.html]
[daynightonline.in/Ui/agentUi/php/getAgentDetail.html]
[daynightonline.in/Ui/agentUi/php/book.html]
[daynightonline.in/Ui/agentUi/js/home41c3.js]
[daynightonline.in/Ui/agentUi/js/ticketTypeDetector3860.js]
[daynightonline.in/Ui/userUi/js/filter.js]
[daynightonline.in/Ui/userUi/php/searchTicket.html]
[daynightonline.in/Ui/userUi/php/searchTicketByWinType.html]
[pngimg.com/uploads/share/small/share_PNG20.png]
[daynightonline.in/Ui/adminUi/php/searchTicket.html]
[daynightonline.in/Ui/adminUi/php/login.html]
[daynightonline.in/Ui/adminUi/php/searchAgent.php]
[daynightonline.in/Ui/adminUi/php/saveAnnouncement.php]
[daynightonline.in/Ui/adminUi/php/printPoster.65.delayed]
[daynightonline.in/Ui/adminUi/home.html]
[daynightonline.in/Ui/adminUi/php/saveJsonFile.html]
[daynightonline.in/Ui/adminUi/php/getJsonFile.html]
[daynightonline.in/Ui/adminUi/php/getBusinessInfo.html]
[daynightonline.in/Ui/adminUi/php/getDividentList.html]
[daynightonline.in/Ui/adminUi/php/getSoldTicket.html]
[daynightonline.in/Ui/adminUi/php/getAgentList.html]
[daynightonline.in/Ui/adminUi/php/getAllTicket.html]
[daynightonline.in/Ui/adminUi/php/getRenewJson.html]
[daynightonline.in/Ui/adminUi/php/getTicketDetail.html]
[daynightonline.in/Ui/adminUi/php/getAgentDetail.html]
[daynightonline.in/Ui/adminUi/php/addAgent.html]
[daynightonline.in/Ui/adminUi/php/saveAgent.html]
[daynightonline.in/Ui/adminUi/php/delAgent.html]
[daynightonline.in/Ui/adminUi/php/saveTNO.html]
[daynightonline.in/Ui/adminUi/php/resetTNO.html]
[daynightonline.in/Ui/adminUi/php/book.html]
[daynightonline.in/api/gameApi/generateWinTicket.html]
[daynightonline.in/Ui/adminUi/php/resetCall.html]
[daynightonline.in/Ui/adminUi/php/resetTicket.html]
[daynightonline.in/Ui/adminUi/php/resetAgent.html]
[daynightonline.in/Ui/adminUi/php/addTicketBackup.html]
[daynightonline.in/Ui/commonApi/getLastTicket.html]
[daynightonline.in/Ui/commonApi/getLastWinner.html]
[daynightonline.in/Ui/commonApi/getLastNumber.html]
[daynightonline.in/Ui/commonApi/getLastBusinessaa94.html]
[daynightonline.in/Ui/adminUi/php/getCurrentTicket.html]
[daynightonline.in/Ui/adminUi/php/getCurrentWinner.html]
[daynightonline.in/Ui/adminUi/php/checkLastTransaction.html]
[daynightonline.in/Ui/agentUi/php/login.html]
[daynightonline.in/Ui/agentUi/home.html]
[daynightonline.in/Ui/agentUi/php/saveJsonFile.html]
[daynightonline.in/Ui/agentUi/php/getJsonFile.html]
[daynightonline.in/Ui/agentUi/php/getBusinessInfo.html]
[daynightonline.in/Ui/agentUi/php/getAgentJson.html]
[daynightonline.in/Ui/agentUi/php/getSoldTicket.html]
[daynightonline.in/Ui/agentUi/php/getAgentList.html]
[daynightonline.in/Ui/agentUi/php/getAllTicket.html]
[daynightonline.in/Ui/agentUi/php/getTicketDetail.html]
[daynightonline.in/Ui/agentUi/php/getAgentDetail.html]
[daynightonline.in/Ui/agentUi/php/book.html]
[daynightonline.in/Ui/adminUi/php/searchAgent.php]
[daynightonline.in/Ui/adminUi/php/getAnouncement.php]
[daynightonline.in/Ui/adminUi/php/saveAnnouncement.php]
